root@attackdefense:~# ip addr
1: lo: <LOOPBACK,UP,LOWER_UP> mtu 65536 qdisc noqueue state UNKNOWN group default qlen 1000
    link/loopback 00:00:00:00:00:00 brd 00:00:00:00:00:00
    inet 127.0.0.1/8 scope host lo
       valid_lft forever preferred_lft forever
466: eth0@if467: <BROADCAST,MULTICAST,UP,LOWER_UP> mtu 1500 qdisc noqueue state UP group default
    link/ether 02:42:0a:01:01:03 brd ff:ff:ff:ff:ff:ff link-netnsid 0
    inet 10.1.1.3/24 brd 10.1.1.255 scope global eth0
       valid_lft forever preferred_lft forever
469: eth1@if470: <BROADCAST,MULTICAST,UP,LOWER_UP> mtu 1500 qdisc noqueue state UP group default
    link/ether 02:42:c0:1d:b9:02 brd ff:ff:ff:ff:ff:ff link-netnsid 0
    inet 192.29.185.2/24 brd 192.29.185.255 scope global eth1
       valid_lft forever preferred_lft forever
root@attackdefense:~#
root@attackdefense:~# ping 192.29.185.3
PING 192.29.185.3 (192.29.185.3) 56(84) bytes of data.
64 bytes from 192.29.185.3: icmp_seq=1 ttl=64 time=0.088 ms
64 bytes from 192.29.185.3: icmp_seq=2 ttl=64 time=0.070 ms
64 bytes from 192.29.185.3: icmp_seq=3 ttl=64 time=0.067 ms
64 bytes from 192.29.185.3: icmp_seq=4 ttl=64 time=0.068 ms
^C
--- 192.29.185.3 ping statistics ---
4 packets transmitted, 4 received, 0% packet loss, time 69ms
rtt min/avg/max/mdev = 0.067/0.073/0.088/0.010 ms
root@attackdefense:~#
root@attackdefense:~# nmap -sV 192.29.185.3
Starting Nmap 7.70 ( https://nmap.org ) at 2019-03-10 22:57 UTC
Stats: 0:00:06 elapsed; 0 hosts completed (1 up), 1 undergoing Service Scan
Service scan Timing: About 50.00% done; ETC: 22:58 (0:00:06 remaining)
Nmap scan report for olsv17m24jf9hiui4c2129255.temp-network_a-29-185 (192.29.185.3)
Host is up (0.000011s latency).
Not shown: 998 closed ports
PORT     STATE SERVICE VERSION
80/tcp   open  http    Apache httpd 2.4.7 ((Ubuntu))
3306/tcp open  mysql   MySQL 5.5.47-0ubuntu0.14.04.1
MAC Address: 02:42:C0:1D:B9:03 (Unknown)

Service detection performed. Please report any incorrect results at https://nmap.org/submit/ .
Nmap done: 1 IP address (1 host up) scanned in 7.50 seconds
root@attackdefense:~#
root@attackdefense:~# nikto -host 192.29.185.3
- Nikto v2.1.6
---------------------------------------------------------------------------
+ Target IP:          192.29.185.3
+ Target Hostname:    192.29.185.3
+ Target Port:        80
+ Start Time:         2019-03-10 23:00:37 (GMT0)
---------------------------------------------------------------------------
+ Server: Apache/2.4.7 (Ubuntu)
+ Cookie PHPSESSID created without the httponly flag
+ Retrieved x-powered-by header: PHP/5.5.9-1ubuntu4.25
+ The anti-clickjacking X-Frame-Options header is not present.
+ The X-XSS-Protection header is not defined. This header can hint to the user agent to protect against some forms of XSS
+ The X-Content-Type-Options header is not set. This could allow the user agent to render the content of the site in a different fashion to the MIME type
+ Server leaks inodes via ETags, header found with file /images/favicon.ico, fields: 0x47e 0x57171d185c000
+ Apache/2.4.7 appears to be outdated (current is at least Apache/2.4.12). Apache 2.0.65 (final release) and 2.2.29 are also current.
+ Web Server returns a valid response with junk HTTP methods, this may cause false positives.
+ OSVDB-3092: /home/: This might be interesting...
+ OSVDB-3092: /install/: This might be interesting...
+ OSVDB-3268: /images/: Directory indexing found.
+ OSVDB-3268: /images/?pattern=/etc/*&sort=name: Directory indexing found.
+ OSVDB-3092: /install/install.php: Install file found.
+ OSVDB-3092: /LICENSE.txt: License file found may identify site software.
+ OSVDB-3233: /icons/README: Apache default file found.
+ OSVDB-3092: /my/: This might be interesting... potential country code (Malaysia)
+ 8347 requests: 0 error(s) and 16 item(s) reported on remote host
+ End Time:           2019-03-10 23:02:38 (GMT0) (121 seconds)
---------------------------------------------------------------------------
+ 1 host(s) tested
root@attackdefense:~#
root@attackdefense:~# arachni http://192.29.185.3:80
Arachni - Web Application Security Scanner Framework v1.5.1
   Author: Tasos "Zapotek" Laskos <tasos.laskos@arachni-scanner.com>

           (With the support of the community and the Arachni Team.)

   Website:       http://arachni-scanner.com
   Documentation: http://arachni-scanner.com/wiki


 [~] No checks were specified, loading all.
 [~] No element audit options were specified, will audit links, forms, cookies, UI inputs, UI forms, JSONs and XMLs.

 [*] Initializing...
 [*] Preparing plugins...
 [*] ... done.
 [~] Total: 132
 [+] Without issues: 120
 [-] With issues: 12 ( 9% )

 [~] Report saved at: /usr/share/arachni/bin/192.29.185.3 2019-03-11 00_46_40 +0000.afr [0.09MB]

 [~] Audited 225 page snapshots.

 [~] Duration: 01:40:28
 [~] Processed 106154/106154 HTTP requests.
 [~] -- 18.745 requests/second.
 [~] Processed 0/0 browser jobs.
 [~] -- 0 second/job.

 [~] Currently auditing          http://192.29.185.3/webroot/themeroot/admin/resources/images/colors/blue/title_tab_selected.png
 [~] Burst response time sum     86.123 seconds
 [~] Burst response count        98
 [~] Burst average response time 0.879 seconds
 [~] Burst average               20.743 requests/second
 [~] Timed-out requests          4235
 [~] Original max concurrency    20
 [~] Throttled max concurrency   20

root@attackdefense:~#
root@attackdefense:~# msfdb init
Using /usr/local/rvm/gems/ruby-2.5.3
[ ok ] Starting PostgreSQL 11 database server: main.
A database appears to be already configured, skipping initialization
root@attackdefense:~# serivce postgresql start
bash: serivce: command not found
root@attackdefense:~# service postgresql start
[ ok ] Starting PostgreSQL 11 database server: main.
root@attackdefense:~# msfconsole


      .:okOOOkdc'           'cdkOOOko:.
    .xOOOOOOOOOOOOc       cOOOOOOOOOOOOx.
   :OOOOOOOOOOOOOOOk,   ,kOOOOOOOOOOOOOOO:
  'OOOOOOOOOkkkkOOOOO: :OOOOOOOOOOOOOOOOOO'
  oOOOOOOOO.MMMM.oOOOOoOOOOl.MMMM,OOOOOOOOo
  dOOOOOOOO.MMMMMM.cOOOOOc.MMMMMM,OOOOOOOOx
  lOOOOOOOO.MMMMMMMMM;d;MMMMMMMMM,OOOOOOOOl
  .OOOOOOOO.MMM.;MMMMMMMMMMM;MMMM,OOOOOOOO.
   cOOOOOOO.MMM.OOc.MMMMM'oOO.MMM,OOOOOOOc
    oOOOOOO.MMM.OOOO.MMM:OOOO.MMM,OOOOOOo
     lOOOOO.MMM.OOOO.MMM:OOOO.MMM,OOOOOl
      ;OOOO'MMM.OOOO.MMM:OOOO.MMM;OOOO;
       .dOOo'WM.OOOOocccxOOOO.MX'xOOd.
         ,kOl'M.OOOOOOOOOOOOO.M'dOk,
           :kk;.OOOOOOOOOOOOO.;Ok:
             ;kOOOOOOOOOOOOOOOk:
               ,xOOOOOOOOOOOx,
                 .lOOOOOOOl.
                    ,dOd,
                      .

       =[ metasploit v5.0.0-dev-64c629e75a                ]
+ -- --=[ 1837 exploits - 1038 auxiliary - 319 post       ]
+ -- --=[ 541 payloads - 44 encoders - 10 nops            ]
+ -- --=[ 2 evasion                                       ]
+ -- --=[ ** This is Metasploit 5 development branch **   ]

msf5 > Interrupt: use the 'exit' command to quit
msf5 >


TO BE FINISHED LATER

 


