
student@attackdefense:~$ ls
1000000-password-seclists.txt  firmware.bin

student@attackdefense:~$ binwalk -e firmware.bin

DECIMAL       HEXADECIMAL     DESCRIPTION
--------------------------------------------------------------------------------
512           0x200           LZMA compressed data, properties: 0x6D, dictionary size: 8388608 bytes, uncompressed size: 3517868 bytes
1159648       0x11B1E0        Squashfs filesystem, little endian, version 4.0, compression:xz, size: 2324164 bytes, 1024 inodes, blocksize: 262144 bytes, created: 2018-09-25 17:11:46

student@attackdefense:~$ ls
1000000-password-seclists.txt  _firmware.bin.extracted  firmware.bin

student@attackdefense:~$ cd _firmware.bin.extracted/

student@attackdefense:~/_firmware.bin.extracted$ ls
11B1E0.squashfs  200  200.7z  squashfs-root

student@attackdefense:~/_firmware.bin.extracted$ cd squashfs-root/

student@attackdefense:~/_firmware.bin.extracted/squashfs-root$ ls
bin  dev  etc  lib  mnt  overlay  proc  rom  root  sbin  sys  tmp  usr  var  www

student@attackdefense:~/_firmware.bin.extracted/squashfs-root$ cd etc

student@attackdefense:~/_firmware.bin.extracted/squashfs-root/etc$ ls
TZ               config       diag.sh       firewall.user  hosts                 hotplug.json  modules-boot.d  openwrt_release  opkg.conf  preinit    rc.button  rc.local     shadow       sysupgrade.conf
banner           crontabs     dnsmasq.conf  fstab          hotplug-preinit.json  init.d        modules.d       openwrt_version  passwd     profile    rc.common  resolv.conf  shells       uci-defaults
banner.failsafe  device_info  dropbear      group          hotplug.d             inittab       mtab            opkg             ppp        protocols  rc.d       services     sysctl.conf

student@attackdefense:~/_firmware.bin.extracted/squashfs-root/etc$ cat shadow

root:$6$d6oAYJZc$BVECjh88noC0ZRIxNiuNL2LDXBnMzMQS.AzbpTd3vkFC3yQS8ytad7oifCjt4M2RSA3DMhxpg8xTOpawPtCCF/:17799:0:99999:7:::
daemon:*:17751:0:99999:7:::
bin:*:17751:0:99999:7:::
sys:*:17751:0:99999:7:::
sync:*:17751:0:99999:7:::
games:*:17751:0:99999:7:::
man:*:17751:0:99999:7:::
lp:*:17751:0:99999:7:::
mail:*:17751:0:99999:7:::
news:*:17751:0:99999:7:::
uucp:*:17751:0:99999:7:::
proxy:*:17751:0:99999:7:::
www-data:*:17751:0:99999:7:::
backup:*:17751:0:99999:7:::
list:*:17751:0:99999:7:::
daemon:*:0:0:99999:7:::
ftp:*:0:0:99999:7:::
network:*:0:0:99999:7:::
nobody:*:0:0:99999:7:::

student@attackdefense:~/_firmware.bin.extracted/squashfs-root/etc$

student@attackdefense:~/_firmware.bin.extracted/squashfs-root/etc$ cd ..

student@attackdefense:~/_firmware.bin.extracted/squashfs-root$ cd ..

student@attackdefense:~/_firmware.bin.extracted$ cd ..

student@attackdefense:~$ ls
1000000-password-seclists.txt  _firmware.bin.extracted  firmware.bin

student@attackdefense:~$ hashcat -m 1800 -a 0 -o rootfinds.txt root 1000000-password-seclists.txt  --force
hashcat (v4.2.1) starting...

OpenCL Platform #1: Intel(R) Corporation
========================================
* Device #1: Intel(R) Xeon(R) Gold 6148 CPU @ 2.40GHz, 24169/96677 MB allocatable, 20MCU

Hashes: 1 digests; 1 unique digests, 1 unique salts
Bitmaps: 16 bits, 65536 entries, 0x0000ffff mask, 262144 bytes, 5/13 rotates
Rules: 1

Applicable optimizers:
* Zero-Byte
* Single-Hash
* Single-Salt
* Uses-64-Bit

Minimum password length supported by kernel: 0
Maximum password length supported by kernel: 256

ATTENTION! Pure (unoptimized) OpenCL kernels selected.
This enables cracking passwords and salts > length 32 but for the price of drastically reduced performance.
If you want to switch to optimized OpenCL kernels, append -O to your commandline.

Watchdog: Hardware monitoring interface not found on your system.
Watchdog: Temperature abort trigger disabled.

Dictionary cache built:
* Filename..: 1000000-password-seclists.txt
* Passwords.: 1000003
* Bytes.....: 8529147
* Keyspace..: 1000003
* Runtime...: 1 sec

[s]tatus [p]ause [b]ypass [c]heckpoint [q]uit => s

Session..........: hashcat
Status...........: Running
Hash.Type........: sha512crypt $6$, SHA512 (Unix)
Hash.Target......: $6$d6oAYJZc$BVECjh88noC0ZRIxNiuNL2LDXBnMzMQS.AzbpTd...PtCCF/
Time.Started.....: Sat Mar  2 21:46:37 2019 (33 secs)
Time.Estimated...: Sat Mar  2 23:30:08 2019 (1 hour, 42 mins)
Guess.Base.......: File (1000000-password-seclists.txt)
Guess.Queue......: 1/1 (100.00%)
Speed.Dev.#1.....:      162 H/s (395.93ms) @ Accel:1024 Loops:16 Thr:1 Vec:4
Recovered........: 0/1 (0.00%) Digests, 0/1 (0.00%) Salts
Progress.........: 0/1000003 (0.00%)
Rejected.........: 0/0 (0.00%)
Restore.Point....: 0/1000003 (0.00%)
Candidates.#1....: 123456 -> 260689
HWMon.Dev.#1.....: N/A

[s]tatus [p]ause [b]ypass [c]heckpoint [q]uit =>

Session..........: hashcat
Status...........: Cracked
Hash.Type........: sha512crypt $6$, SHA512 (Unix)
Hash.Target......: $6$d6oAYJZc$BVECjh88noC0ZRIxNiuNL2LDXBnMzMQS.AzbpTd...PtCCF/
Time.Started.....: Sat Mar  2 21:46:37 2019 (1 min, 57 secs)
Time.Estimated...: Sat Mar  2 21:48:34 2019 (0 secs)
Guess.Base.......: File (1000000-password-seclists.txt)
Guess.Queue......: 1/1 (100.00%)
Speed.Dev.#1.....:      176 H/s (345.96ms) @ Accel:1024 Loops:16 Thr:1 Vec:4
Recovered........: 1/1 (100.00%) Digests, 1/1 (100.00%) Salts
Progress.........: 20480/1000003 (2.05%)
Rejected.........: 0/20480 (0.00%)
Restore.Point....: 0/1000003 (0.00%)
Candidates.#1....: 123456 -> 260689
HWMon.Dev.#1.....: N/A

Started: Sat Mar  2 21:46:04 2019
Stopped: Sat Mar  2 21:48:34 2019

student@attackdefense:~$ ls
1000000-password-seclists.txt  _firmware.bin.extracted  firmware.bin  root  rootfinds.txt

student@attackdefense:~$ cat rootfinds.txt
$6$d6oAYJZc$BVECjh88noC0ZRIxNiuNL2LDXBnMzMQS.AzbpTd3vkFC3yQS8ytad7oifCjt4M2RSA3DMhxpg8xTOpawPtCCF/:q1w2e3r4
